// Jest Snapshot v1, https://goo.gl/fbAQLP

exports[`renders with the anticipated HTML structure 1`] = `
<DocumentFragment>
  <div>
    Loading...
  </div>
</DocumentFragment>
`;
